10
0.0000 56.9019 46.7298 59.6945 35.7209 46.2210 45.7152 45.4085 54.5901 55.5587
56.9019 0.0000 45.0961 53.1012 51.6581 51.1010 51.5463 52.5338 54.4050 50.2915
46.7298 45.0961 0.0000 48.7647 49.7771 58.1288 40.9237 42.2629 45.8129 52.2325
59.6945 53.1012 48.7647 0.0000 55.0222 49.2598 51.1409 45.1897 45.9594 46.9529
35.7209 51.6581 49.7771 55.0222 0.0000 47.3717 37.3812 38.7949 55.3626 53.6267
46.2210 51.1010 58.1288 49.2598 47.3717 0.0000 48.9828 48.0557 56.8311 45.9119
45.7152 51.5463 40.9237 51.1409 37.3812 48.9828 0.0000 48.0186 55.7514 49.0045
45.4085 52.5338 42.2629 45.1897 38.7949 48.0557 48.0186 0.0000 50.5888 41.6993
54.5901 54.4050 45.8129 45.9594 55.3626 56.8311 55.7514 50.5888 0.0000 42.2133
55.5587 50.2915 52.2325 46.9529 53.6267 45.9119 49.0045 41.6993 42.2133 0.0000
