Total Path Cost: 434.76320000000356
58.9759ms
0 4 6 2 1 5 3 8 9 7 0
